// Jest Snapshot v1, https://goo.gl/fbAQLP

exports[`renders the home component correctly 1`] = `
<div>
  <div>
    <div
      class="banner"
    >
      <div>
        <picture
          class="banner-img"
        >
          <img
            alt="Expolre, Expand, Connect"
            class="banner-img"
            src="https://www.northeastern.edu/graduate/wp-content/uploads/2016/05/homepage_science.jpg"
          />
        </picture>
      </div>
      <div
        class="banner-content"
      >
        <div>
          <h1
            class="text-title"
          >
            Expolre, Expand, Connect
          </h1>
          <div
            class="divider"
          />
          <p
            class="text-title"
          >
            Graduate Student Resources
          </p>
        </div>
      </div>
    </div>
    <div
      class="container"
    >
      <div
        class="wapper"
      >
        <p>
          Graduate school is an adventure of intellectual discovery, discipline, and creative thought. Your journey, though it may seem epic, is not a solo mission.
        </p>
        <p>
          Whether you are looking for a graduate program, or you are already enrolled, this is your central place to connect with information and resources at Boston University. For prospective graduate students, learn about our programs with our Program Search tool, and discover why BU is a great place to dig in.
        </p>
        <p>
          For current graduate students, we encourage you to reach across the campuses and take advantage of the richness that our 17 schools and colleges have to offer. Tap into available resources, discover funding and professional and career development opportunities, and connect with the graduate community at BU.
        </p>
      </div>
      <div
        class="card"
      >
        <div
          class="card-img"
        >
          <img
            alt="Find Your Program"
            src="FindYourProgram.jpeg"
          />
        </div>
        <div
          class="card-content"
        >
          <h3>
            Find Your Program
          </h3>
          <p>
            Take a look at our graduate program offerings to see what's right for you.
          </p>
          <a
            class="btn"
            href="/findmyprogram"
          >
            Learn More
          </a>
        </div>
      </div>
      <div
        class="card-group"
      >
        <div
          class="item"
        >
          <div
            class="card vertical"
          >
            <div
              class="card-img"
            >
              <img
                alt="Why BU"
                src="WhyBU.jpeg"
              />
            </div>
            <div
              class="card-content"
            >
              <h3>
                Why BU
              </h3>
              <p>
                Find a place to live, or a place to lunch.
              </p>
              <a
                class="btn"
                href="/whybu"
              >
                Learn More
              </a>
            </div>
          </div>
        </div>
        <div
          class="item"
        >
          <div
            class="card vertical"
          >
            <div
              class="card-img"
            >
              <img
                alt="Contact US"
                src="ContactUS.jpeg"
              />
            </div>
            <div
              class="card-content"
            >
              <h3>
                Contact US
              </h3>
              <p>
                Explore our graduate and professional student resources.
              </p>
              <a
                class="btn"
                href="/contactus"
              >
                Learn More
              </a>
            </div>
          </div>
        </div>
      </div>
    </div>
  </div>
</div>
`;
